$ git add LICENSE
$ git commit -m "Añadida licencia"
[main 3f5cb1c] Añadida licencia
 1 file changed, 21 insertions(+)
 create mode 100644 LICENSE
$ git hist --all
* 3f5cb1c 2013-06-16 | Añadida licencia (HEAD -> main) [Sergio Gómez]
* 2eab8ca 2013-06-16 | Aplicando los cambios de la rama hola (origin/main) [Sergio Gomez]
*\
| * 9862f33 2013-06-16 | hola usa la clase HolaMundo (hola) [Sergio Gómez]
| * 6932156 2013-06-16 | Añadida la clase HolaMundo [Sergio Gómez]
|/
* 9c85275 2013-06-16 | Programa interactivo (main) [Sergio Gómez]
* c3e65d0 2013-06-16 | Añadido README.md [Sergio Gómez]
* 81c6e93 2013-06-16 | Movido hola.php a lib [Sergio Gómez]
* 96a39df 2013-06-16 | Añadido el autor del programa y su email [Sergio Gómez]
* fd4da94 2013-06-16 | Se añade un comentario al cambio del valor por defecto (tag: v1) [Sergio Gómez]
* 3283e0d 2013-06-16 | Se añade un parámetro por defecto (tag: v1-beta) [Sergio Gómez]
* efc252e 2013-06-16 | Parametrización del programa [Sergio Gómez]
* e19f2c1 2013-06-16 | Creación del proyecto [Sergio Gómez]